mstack_IMPORTS_start
I_udp_bind
I_udp_packet_init
I_udp_packet_send_ll
mstack_IMPORTS_end

smap_IMPORTS_start
I_smap_fifo_read
smap_IMPORTS_end

thbase_IMPORTS_start
I_CreateThread
I_StartThread
I_DelayThread
thbase_IMPORTS_end

intrman_IMPORTS_start
I_CpuSuspendIntr
I_CpuResumeIntr
intrman_IMPORTS_end

sifman_IMPORTS_start
I_sceSifSetDma
sifman_IMPORTS_end

sysclib_IMPORTS_start
I_memcpy
I_sprintf
I_strlen
I_strncmp
I_strncpy
I_strtoul
sysclib_IMPORTS_end

stdio_IMPORTS_start
I_printf
stdio_IMPORTS_end
